// Jest Snapshot v1, https://goo.gl/fbAQLP

exports[`<App/> renders correctly 1`] = `
<RCTSafeAreaView
  emulateUnlessSupported={true}
  style={
    Object {
      "backgroundColor": "#000000",
      "flex": 1,
    }
  }
>
  <View
    style={
      Object {
        "flex": 1,
      }
    }
  >
    <View
      pointerEvents="box-none"
      style={
        Object {
          "backgroundColor": "red",
          "bottom": 0,
          "left": 0,
          "opacity": 1,
          "position": "absolute",
          "right": 0,
          "top": 0,
          "transform": Array [
            Object {
              "scaleX": 1,
            },
            Object {
              "scaleY": 1,
            },
          ],
        }
      }
    />
    <View
      pointerEvents="none"
      style={
        Object {
          "backgroundColor": "green",
          "bottom": 0,
          "left": 0,
          "opacity": 0,
          "position": "absolute",
          "right": 0,
          "top": 0,
          "transform": Array [
            Object {
              "scaleX": 0.8,
            },
            Object {
              "scaleY": 0.8,
            },
          ],
        }
      }
    />
  </View>
  <View
    style={
      Object {
        "backgroundColor": "#000000",
        "flexDirection": "row",
        "height": 56,
        "justifyContent": "center",
      }
    }
  >
    <View
      accessible={true}
      focusable={true}
      isTVSelectable={true}
      onClick={[Function]}
      onResponderGrant={[Function]}
      onResponderMove={[Function]}
      onResponderRelease={[Function]}
      onResponderTerminate={[Function]}
      onResponderTerminationRequest={[Function]}
      onStartShouldSetResponder={[Function]}
      style={
        Object {
          "opacity": 1,
        }
      }
    >
      <View
        style={
          Object {
            "alignItems": "center",
            "flex": 1,
            "justifyContent": "center",
            "maxWidth": 168,
            "minWidth": 80,
          }
        }
      >
        <View
          style={
            Object {
              "alignItems": "flex-end",
              "backgroundColor": "#4B4B4B",
              "borderRadius": 44,
              "height": 44,
              "position": "absolute",
              "width": 44,
            }
          }
        >
          <View
            style={
              Object {
                "backgroundColor": "#ffffff",
                "borderRadius": 12,
                "height": 12,
                "width": 12,
              }
            }
          />
        </View>
        <Text />
        <View />
      </View>
    </View>
    <View
      accessible={true}
      focusable={true}
      isTVSelectable={true}
      onClick={[Function]}
      onResponderGrant={[Function]}
      onResponderMove={[Function]}
      onResponderRelease={[Function]}
      onResponderTerminate={[Function]}
      onResponderTerminationRequest={[Function]}
      onStartShouldSetResponder={[Function]}
      style={
        Object {
          "opacity": 1,
        }
      }
    >
      <View
        style={
          Object {
            "alignItems": "center",
            "flex": 1,
            "justifyContent": "center",
            "maxWidth": 168,
            "minWidth": 80,
          }
        }
      >
        <View
          style={
            Object {
              "alignItems": "flex-end",
              "backgroundColor": "rgba(75,75,75,0.3)",
              "borderRadius": 44,
              "height": 44,
              "position": "absolute",
              "width": 44,
            }
          }
        >
          <View />
        </View>
        <Text />
        <View />
      </View>
    </View>
  </View>
</RCTSafeAreaView>
`;

exports[`<App/> renders correctly 2`] = `
<RCTSafeAreaView
  emulateUnlessSupported={true}
  style={
    Object {
      "backgroundColor": "#000000",
      "flex": 1,
    }
  }
>
  <View
    style={
      Object {
        "flex": 1,
      }
    }
  >
    <View
      pointerEvents="none"
      style={
        Object {
          "backgroundColor": "red",
          "bottom": 0,
          "left": 0,
          "opacity": 0,
          "position": "absolute",
          "right": 0,
          "top": 0,
          "transform": Array [
            Object {
              "scaleX": 0.8,
            },
            Object {
              "scaleY": 0.8,
            },
          ],
        }
      }
    />
    <View
      pointerEvents="box-none"
      style={
        Object {
          "backgroundColor": "green",
          "bottom": 0,
          "left": 0,
          "opacity": 1,
          "position": "absolute",
          "right": 0,
          "top": 0,
          "transform": Array [
            Object {
              "scaleX": 1,
            },
            Object {
              "scaleY": 1,
            },
          ],
        }
      }
    />
  </View>
  <View
    style={
      Object {
        "backgroundColor": "#000000",
        "flexDirection": "row",
        "height": 56,
        "justifyContent": "center",
      }
    }
  >
    <View
      accessible={true}
      focusable={true}
      isTVSelectable={true}
      onClick={[Function]}
      onResponderGrant={[Function]}
      onResponderMove={[Function]}
      onResponderRelease={[Function]}
      onResponderTerminate={[Function]}
      onResponderTerminationRequest={[Function]}
      onStartShouldSetResponder={[Function]}
      style={
        Object {
          "opacity": 1,
        }
      }
    >
      <View
        style={
          Object {
            "alignItems": "center",
            "flex": 1,
            "justifyContent": "center",
            "maxWidth": 168,
            "minWidth": 80,
          }
        }
      >
        <View
          style={
            Object {
              "alignItems": "flex-end",
              "backgroundColor": "#4B4B4B",
              "borderRadius": 44,
              "height": 44,
              "position": "absolute",
              "width": 44,
            }
          }
        >
          <View
            style={
              Object {
                "backgroundColor": "#ffffff",
                "borderRadius": 12,
                "height": 12,
                "width": 12,
              }
            }
          />
        </View>
        <Text />
        <View />
      </View>
    </View>
    <View
      accessible={true}
      focusable={true}
      isTVSelectable={true}
      onClick={[Function]}
      onResponderGrant={[Function]}
      onResponderMove={[Function]}
      onResponderRelease={[Function]}
      onResponderTerminate={[Function]}
      onResponderTerminationRequest={[Function]}
      onStartShouldSetResponder={[Function]}
      style={
        Object {
          "opacity": 1,
        }
      }
    >
      <View
        style={
          Object {
            "alignItems": "center",
            "flex": 1,
            "justifyContent": "center",
            "maxWidth": 168,
            "minWidth": 80,
          }
        }
      >
        <View
          style={
            Object {
              "alignItems": "flex-end",
              "backgroundColor": "rgba(75,75,75,0.3)",
              "borderRadius": 44,
              "height": 44,
              "position": "absolute",
              "width": 44,
            }
          }
        >
          <View />
        </View>
        <Text />
        <View />
      </View>
    </View>
  </View>
</RCTSafeAreaView>
`;
